// Jest Snapshot v1, https://goo.gl/fbAQLP

exports[`vcs/pull-request/gitlab} PullRequest should map error 1`] = `
Object {
  "error": "HTTPError: Expected HTTP error
AST Path: definitions[0].statements[2].responseHandlers[0].statements[1]
Original Map Location: Line 20, column 7",
}
`;

exports[`vcs/pull-request/gitlab} PullRequest should perform successfully 1`] = `
Object {
  "value": Object {
    "id": 1,
    "sha": "8c64ce23d626c5bf345ce90fa5af329569d62c9a",
    "title": "Update README.md",
    "url": "https://gitlab.com/Jakub-Vacek/empty-test/-/merge_requests/1",
  },
}
`;
