// Jest Snapshot v1, https://goo.gl/fbAQLP

exports[`oauth2/refresh-token/mock GetAccessTokenFromRefreshToken with all parameters in input issues an access token 1`] = `
Object {
  "accessToken": Any<String>,
  "expiresIn": 3600,
  "scopes": Array [
    "read",
    "write",
  ],
  "tokenType": "Bearer",
}
`;

exports[`oauth2/refresh-token/mock GetAccessTokenFromRefreshToken with integration parameters issues an access token 1`] = `
Object {
  "accessToken": Any<String>,
  "expiresIn": 3600,
  "scopes": Array [
    "read",
    "write",
  ],
  "tokenType": "Bearer",
}
`;
