// Jest Snapshot v1, https://goo.gl/fbAQLP

exports[`social-media/publishing-profiles/instagram GetProfilesForPublishing when access token is valid should return profiles 1`] = `
Ok {
  "value": Object {
    "profiles": Array [
      Object {
        "id": "17841450841275119",
        "imageUrl": "https://scontent-prg1-1.xx.fbcdn.net/v/t51.2885-15/271344010_301017881962514_1451837659598750738_n.jpg?_nc_cat=106&ccb=1-6&_nc_sid=86c713&_nc_ohc=nH93M-WHqcYAX9pK-B0&_nc_ht=scontent-prg1-1.xx&edm=AJdBtusEAAAA&oh=00_AT-eIissCigbXFAr2Cu2U2xMx6bzv2Kvd7utPhavG_s2lw&oe=628868DA",
        "name": "SF Test",
        "username": "sftest23894729",
      },
    ],
  },
}
`;
