// Jest Snapshot v1, https://goo.gl/fbAQLP

exports[`chat/send-message/discord SendMessage when specified destination does exist performs correctly 1`] = `
Ok {
  "value": Object {
    "destination": "935962220104396885",
    "messageId": "941607966518411304",
    "rateLimit": Object {
      "bucket": "a06de0de4a08126315431cc0c55ee3dc",
      "remainingRequests": 4,
      "remainingRequestsPercentage": 80,
      "resetAfter": 5,
      "resetTimestamp": 1644567239000,
      "totalRequests": 5,
    },
  },
}
`;

exports[`chat/send-message/discord SendMessage when specified destination does not exist returns error 1`] = `
Err {
  "error": "HTTPError: Expected HTTP error
Properties: {
  \\"title\\": \\"Not found\\",
  \\"detail\\": \\"Unknown Channel\\",
  \\"rateLimit\\": {
    \\"bucket\\": \\"a06de0de4a08126315431cc0c55ee3dc\\",
    \\"totalRequests\\": 5,
    \\"remainingRequests\\": 4,
    \\"resetAfter\\": 5,
    \\"resetTimestamp\\": 1644567239000,
    \\"remainingRequestsPercentage\\": 80
  }
}
AST Path: definitions[0].statements[0].responseHandlers[1].statements[1]
Original Map Location: Line 35, column 7",
}
`;
