// Jest Snapshot v1, https://goo.gl/fbAQLP

exports[`social-media/replies/linkedin GetPostComments when a post ID is given should list all comments 1`] = `
Ok {
  "value": Object {
    "comments": Array [
      Object {
        "authorId": "urn:li:organization:81974063",
        "createdAt": undefined,
        "id": "urn:li:comment:(urn:li:activity:6905096044615405568,6930467700934590464)",
        "lastModifiedAt": undefined,
        "text": "rabbit",
      },
      Object {
        "authorId": "urn:li:organization:81974063",
        "createdAt": undefined,
        "id": "urn:li:comment:(urn:li:activity:6905096044615405568,6930466642367774720)",
        "lastModifiedAt": undefined,
        "text": "cats",
      },
    ],
    "nextPage": undefined,
    "previousPage": undefined,
  },
}
`;
