// Jest Snapshot v1, https://goo.gl/fbAQLP

exports[`captcha/verify-token/cloudflare ValidateCaptchaResponse should map error 1`] = `
Err {
  "error": "MappedHTTPError: Expected HTTP error
Properties: {
  \\"errorCodes\\": [
    \\"invalid-input-response\\"
  ],
  \\"detail\\": \\"Challenge verification failed with error code(s) invalid-input-response.\\"
}
AST Path: definitions[0].statements[0].responseHandlers[0].statements[2]
Original Map Location: Line 24, column 7",
}
`;

exports[`captcha/verify-token/cloudflare ValidateCaptchaResponse should perform successfully 1`] = `
Ok {
  "value": Object {
    "challengeTimeStamp": "2023-06-06T10:58:18.833Z",
    "hostname": "localhost",
  },
}
`;
