// Jest Snapshot v1, https://goo.gl/fbAQLP

exports[`captcha/verify-token/google-recaptcha ValidateCaptchaResponse should map error 1`] = `
Err {
  "error": "MappedHTTPError: Expected HTTP error
Properties: {
  \\"errorCodes\\": [
    \\"invalid-input-response\\"
  ],
  \\"detail\\": \\"Challenge verification failed with error code(s) invalid-input-response.\\"
}
AST Path: definitions[0].statements[0].responseHandlers[0].statements[2]
Original Map Location: Line 27, column 7",
}
`;

exports[`captcha/verify-token/google-recaptcha ValidateCaptchaResponse should perform successfully 1`] = `
Ok {
  "value": Object {
    "action": "submit",
    "challengeTimeStamp": "2023-06-15T08:55:11Z",
    "hostname": "localhost",
    "score": 0.9,
  },
}
`;
