// Jest Snapshot v1, https://goo.gl/fbAQLP

exports[`vcs/single-file-content/bitbucket SingleFileContent should map error 1`] = `
Err {
  "error": "MappedHTTPError: Expected HTTP error
Properties: {
  \\"message\\": \\"Commit not found\\",
  \\"statusCode\\": 404
}
AST Path: definitions[0].statements[4].responseHandlers[0].statements[1]
Original Map Location: Line 20, column 7",
}
`;

exports[`vcs/single-file-content/bitbucket SingleFileContent should perform successfully 1`] = `
Ok {
  "value": Object {
    "content": "# README #

This README would normally document whatever steps are necessary to get your application up and running.

### What is this repository for? ###

* Quick summary
* Version
* [Learn Markdown](https://bitbucket.org/tutorials/markdowndemo)

### How do I get set up? ###

* Summary of set up
* Configuration
* Dependencies
* Database configuration
* How to run tests
* Deployment instructions

### Contribution guidelines ###

* Writing tests
* Code review
* Other guidelines

### Who do I talk to? ###

* Repo owner or admin
* Other community or team contact",
    "encoding": "utf-8",
    "size": 565,
  },
}
`;
