// Jest Snapshot v1, https://goo.gl/fbAQLP

exports[`vcs/pull-request/bitbucket} PullRequest should map error 1`] = `
Err {
  "error": "MappedHTTPError: Expected HTTP error
Properties: {
  \\"message\\": \\"Not Found\\",
  \\"statusCode\\": 404
}
AST Path: definitions[0].statements[3].responseHandlers[0].statements[1]
Original Map Location: Line 20, column 7",
}
`;

exports[`vcs/pull-request/bitbucket} PullRequest should perform successfully 1`] = `
Ok {
  "value": Object {
    "id": 1,
    "sha": "d1d6bab92584",
    "title": "README.md edited online with Bitbucket",
    "url": "https://bitbucket.org/jakuvacek/testrepository/pull-requests/1",
  },
}
`;
