// Jest Snapshot v1, https://goo.gl/fbAQLP

exports[`vcs/pull-request/gitlab} PullRequest should map error 1`] = `
Err {
  "error": "MappedHTTPError: Expected HTTP error
Properties: {
  \\"message\\": \\"404 Project Not Found\\",
  \\"statusCode\\": 404
}
AST Path: definitions[0].statements[2].responseHandlers[0].statements[1]
Original Map Location: Line 20, column 7",
}
`;

exports[`vcs/pull-request/gitlab} PullRequest should perform successfully 1`] = `
Err {
  "error": "MappedHTTPError: Expected HTTP error
Properties: {
  \\"message\\": \\"404 Project Not Found\\",
  \\"statusCode\\": 404
}
AST Path: definitions[0].statements[2].responseHandlers[0].statements[1]
Original Map Location: Line 20, column 7",
}
`;
