// Jest Snapshot v1, https://goo.gl/fbAQLP

exports[`communication/send-email/mailgun SendEmail when all inputs are correct should return messageId as result 1`] = `
Object {
  "value": Object {
    "messageId": "<20211102124700.1.072685D401F1189A@demo.superface.org>",
  },
}
`;

exports[`communication/send-email/mailgun SendEmail when inputs are invalid should throw an exception 1`] = `
Object {
  "error": "HTTPError: Expected HTTP error
Properites: {
  \\"title\\": \\"Invalid inputs\\",
  \\"message\\": \\"'from' parameter is not a valid address. please check documentation\\"
}
AST Path: definitions[0].statements[3].responseHandlers[1].statements[0]
Original Map Location: Line 35, column 7",
}
`;
