// Jest Snapshot v1, https://goo.gl/fbAQLP

exports[`communication/send-templated-email/mailgun SendTemplatedEmail when all inputs are correct should return messageId as result 1`] = `
Ok {
  "value": Object {
    "messageId": "<20211109100908.635f65bcd02c4b75@demo.superface.org>",
  },
}
`;

exports[`communication/send-templated-email/mailgun SendTemplatedEmail when inputs are invalid should throw error 1`] = `
Err {
  "error": "MappedHTTPError: Expected HTTP error
Properties: {
  \\"title\\": \\"Invalid inputs\\",
  \\"detail\\": \\"from parameter is not a valid address. please check documentation\\"
}
AST Path: definitions[0].statements[0].responseHandlers[1].statements[0]
Original Map Location: Line 27, column 7",
}
`;
