// Jest Snapshot v1, https://goo.gl/fbAQLP

exports[`social-media/profiles/mock GetProfiles when access token is valid returns a list of profiles 1`] = `
Ok {
  "value": Object {
    "profiles": Array [
      Object {
        "description": "NASA Mars rover. Launch: July 30, 2020. Landing: Feb. 18, 2021. Hobbies: Photography, collecting rocks, off-roading. ðŸš€ Team HQ @NASAJPL",
        "followersCount": 2909944,
        "followingCount": 58,
        "id": "1232783237623119872",
        "imageUrl": "https://pbs.twimg.com/profile_images/1379527227436531712/QasZP9s-_normal.jpg",
        "postsCount": 860,
        "profileUrl": "https://twitter.com/NASAPersevere",
        "username": "NASAPersevere",
        "website": "https://t.co/GpTOmL7zGl",
      },
    ],
    "rateLimit": Object {
      "bucket": "User lookup",
      "remainingRequests": 12,
      "remainingRequestsPercentage": 80,
      "resetTimestamp": 1643713585,
      "totalRequests": 15,
    },
  },
}
`;

exports[`social-media/profiles/mock GetProfilesByUsername when access token is valid returns a list of profiles 1`] = `
Ok {
  "value": Object {
    "profiles": Array [
      Object {
        "description": "NASA Mars rover. Launch: July 30, 2020. Landing: Feb. 18, 2021. Hobbies: Photography, collecting rocks, off-roading. ðŸš€ Team HQ @NASAJPL",
        "followersCount": 2909944,
        "followingCount": 58,
        "id": "1232783237623119872",
        "imageUrl": "https://pbs.twimg.com/profile_images/1379527227436531712/QasZP9s-_normal.jpg",
        "postsCount": 860,
        "profileUrl": "https://twitter.com/NASAPersevere",
        "username": "NASAPersevere",
        "website": "https://t.co/GpTOmL7zGl",
      },
    ],
    "rateLimit": Object {
      "bucket": "User lookup",
      "remainingRequests": 12,
      "remainingRequestsPercentage": 80,
      "resetTimestamp": 1643713585,
      "totalRequests": 15,
    },
  },
}
`;
