// Jest Snapshot v1, https://goo.gl/fbAQLP

exports[`analytics/track-event/mixpanel-eu UseCase should perform successfully 1`] = `
Object {
  "value": "OK",
}
`;
